Checking users...
Γ£à Database Pool Initialized
Users: [
  { id: 2, role: 'ADMIN', name: 'Abdul rehman' },
  { id: 7, role: 'ADMIN', name: 'Abdul Manan' },
  { id: 8, role: 'ADMIN', name: 'Muhammad Umair ' }
]
Checking wishlists...
Wishlists: [
  {
    id: '277187bb-f7c5-418e-9c4a-1a16ec90b5df',
    user_id: 2,
    ui_id: 'a0937ca8-5aab-4dd9-8254-7d673185efbb',
    created_at: 2026-04-10T19:36:25.000Z
  },
  {
    id: 'e6a0d234-74fc-4902-8bc1-f533d0d1fc2b',
    user_id: 9,
    ui_id: 'fe9d43e1-c7b1-4f3e-b97f-48e6f8e8c9b4',
    created_at: 2026-04-10T19:34:06.000Z
  }
]

--- Wishlist for user 2 (ADMIN) ---
Rows returned for user 2: 1
[
  {
    wishlist_id: '277187bb-f7c5-418e-9c4a-1a16ec90b5df',
    ui_id: 'a0937ca8-5aab-4dd9-8254-7d673185efbb',
    creator_name: 'Abdul Manan'
  }
]

--- Wishlist for user 7 (ADMIN) ---
Rows returned for user 7: 0
[]

--- Wishlist for user 8 (ADMIN) ---
Rows returned for user 8: 0
[]
